AmongUs	1	57	1

	1	UDP 10.0.0.1:64260 -> 172.105.251.170:22023 [proto: 254/AmongUs][cat: Game/8][1 pkts/57 bytes -> 0 pkts/0 bytes][Goodput ratio: 26/0][< 1 sec][Plen Bins: 100,0,0,0,0,0,0,0,0,0,0,0,0,0,0,0,0,0,0,0,0,0,0,0,0,0,0,0,0,0,0,0,0,0,0,0,0,0,0,0,0,0,0,0,0,0,0,0]
